org/schemaspy/util/ResourceFinder.class
org/schemaspy/view/SqlAnalyzer.class
org/schemaspy/model/Schema.class
org/schemaspy/service/ColumnInitializationFailure.class
org/schemaspy/util/Inflection.class
org/schemaspy/view/HtmlDiagramFormatter.class
org/schemaspy/view/HtmlColumnsPage$BySizeComparator.class
org/schemaspy/view/HtmlColumnsPage$ByAutoUpdateComparator.class
org/schemaspy/view/StyleSheet$MissingCssPropertyException.class
org/schemaspy/model/InvalidConfigurationException.class
org/schemaspy/util/Dot$DotFailure.class
org/schemaspy/view/HtmlColumnsPage$ByDefaultValueComparator.class
org/schemaspy/output/xml/dom/XmlTableFormatter.class
org/schemaspy/service/SqlService.class
org/schemaspy/view/HtmlTablePage.class
org/schemaspy/cli/ConfigFileArgumentParser.class
org/schemaspy/view/HtmlColumnsPage.class
org/schemaspy/service/TableService$1.class
org/schemaspy/view/MustacheTable.class
org/schemaspy/view/MustacheCatalog.class
org/schemaspy/db/config/ResolutionInfo.class
org/schemaspy/db/exceptions/RuntimeIOException.class
org/schemaspy/util/CaseInsensitiveMap.class
org/schemaspy/util/LineWriter.class
org/schemaspy/view/HtmlRoutinePage.class
org/schemaspy/model/xml/TableColumnMeta.class
org/schemaspy/util/Markdown.class
org/schemaspy/service/TableService.class
org/schemaspy/view/HtmlColumnsPage$ByTableComparator.class
org/schemaspy/output/OutputException.class
org/schemaspy/Config$MissingRequiredParameterException.class
org/schemaspy/util/PasswordReader$Masker.class
org/schemaspy/model/LogicalTable.class
org/schemaspy/util/PasswordReader$IOError.class
org/schemaspy/model/Table.class
org/schemaspy/view/HtmlFormatter.class
org/schemaspy/db/config/ResourceNotFoundException.class
org/schemaspy/service/InconsistencyException.class
org/schemaspy/model/LogicalRemoteTable.class
org/schemaspy/view/MustacheTableColumnRelatives.class
org/schemaspy/view/HtmlOrphansPage.class
org/schemaspy/util/Dot.class
org/schemaspy/view/StyleSheet$ParseException.class
org/schemaspy/view/HtmlColumnsPage$ByParentsComparator.class
org/schemaspy/service/helper/BasicTableMeta.class
org/schemaspy/output/xml/XmlProducerException.class
org/schemaspy/model/Database$1.class
org/schemaspy/view/DotConnector.class
org/schemaspy/model/RoutineParameter.class
org/schemaspy/view/MustacheTableIndex.class
org/schemaspy/view/HtmlTableDiagrammer.class
org/schemaspy/util/DbSpecificOption.class
org/schemaspy/model/Routine.class
org/schemaspy/cli/ConfigFileArgument.class
org/schemaspy/view/HtmlMainIndexPage$1.class
org/schemaspy/view/HtmlColumnsPage$ByTypeComparator.class
org/schemaspy/Config.class
org/schemaspy/cli/PropertyFileDefaultProvider.class
org/schemaspy/logging/LogLevelConditionalThrowableProxyConverter.class
org/schemaspy/SchemaSpyConfiguration.class
org/schemaspy/model/TableComment.class
org/schemaspy/view/MustacheSchema.class
org/schemaspy/view/HtmlAnomaliesPage.class
org/schemaspy/cli/SchemaSpyRunner.class
org/schemaspy/service/DatabaseService$TableCreator.class
org/schemaspy/TableOrderer$1TrimComparator.class
org/schemaspy/view/HtmlColumnsPage$ByColumnComparator.class
org/schemaspy/WiringConfiguration.class
org/schemaspy/service/DatabaseService.class
org/schemaspy/view/StyleSheet.class
org/schemaspy/view/HtmlConstraintsPage.class
org/schemaspy/model/RemoteTable.class
org/schemaspy/view/MustacheWriter.class
org/schemaspy/cli/CommandLineArgumentParser.class
org/schemaspy/view/HtmlComponentPage.class
org/schemaspy/view/HtmlOrphansPage$1.class
org/schemaspy/view/DotNode$DotNodeConfig.class
org/schemaspy/view/TextFormatter.class
org/schemaspy/service/DatabaseService$1.class
org/schemaspy/model/Database.class
org/schemaspy/Revision.class
org/schemaspy/util/ConsolePasswordReader.class
org/schemaspy/db/config/PropertiesResolver.class
org/schemaspy/output/OutputProducer.class
org/schemaspy/db/config/ResourceFinder.class
org/schemaspy/TableOrderer.class
org/schemaspy/view/HtmlColumnsPage$ByNullableComparator.class
org/schemaspy/util/DbSpecificConfig.class
org/schemaspy/view/DotNode.class
org/schemaspy/view/MustacheWriter$ParseException.class
org/schemaspy/service/DatabaseService$ThreadedTableCreator.class
org/schemaspy/model/xml/TableMeta.class
org/schemaspy/model/ConnectionFailure.class
org/schemaspy/view/DotFormatter.class
org/schemaspy/service/ViewService.class
org/schemaspy/model/Database$CombinedMap.class
org/schemaspy/service/DatabaseService$ThreadedTableCreator$1.class
org/schemaspy/model/ConsoleProgressListener.class
org/schemaspy/util/GraphvizVersion.class
org/schemaspy/DbDriverLoader.class
org/schemaspy/view/HtmlColumnsPage$ByCommentsComparator.class
org/schemaspy/model/Catalog.class
org/schemaspy/util/Dot$ProcessOutputReader.class
org/schemaspy/model/xml/ForeignKeyMeta.class
org/schemaspy/view/HtmlColumnsPage$ColumnInfo.class
org/schemaspy/view/HtmlColumnsPage$1.class
org/schemaspy/view/HtmlMainIndexPage.class
org/schemaspy/model/TableColumn$ColumnComparator.class
org/schemaspy/util/DiagramUtil.class
org/schemaspy/util/ResourceWriter.class
org/schemaspy/output/xml/dom/DOMUtil.class
org/schemaspy/view/HtmlRelationshipsPage.class
org/schemaspy/model/EmptySchemaException.class
org/schemaspy/view/MustacheTableDiagram.class
org/schemaspy/view/HtmlRoutinesPage.class
org/schemaspy/output/xml/XmlProducer.class
org/schemaspy/model/ProcessExecutionException.class
org/schemaspy/util/ConnectionURLBuilder.class
org/schemaspy/view/WriteStats.class
org/schemaspy/model/ProgressListener.class
org/schemaspy/Main.class
org/schemaspy/model/View.class
org/schemaspy/util/ResourceNotFoundException.class
org/schemaspy/model/DatabaseObject.class
org/schemaspy/DbAnalyzer.class
org/schemaspy/model/ImpliedForeignKeyConstraint.class
org/schemaspy/model/Table$ByColumnIdComparator.class
org/schemaspy/model/xml/SchemaMeta.class
org/schemaspy/model/TableColumn.class
org/schemaspy/model/TableColumn$1.class
org/schemaspy/model/TableIndex.class
org/schemaspy/view/MustacheTableColumn.class
org/schemaspy/validator/NameValidator.class
org/schemaspy/cli/PropertyFileDefaultProviderFactory.class
org/schemaspy/view/HtmlMultipleSchemasIndexPage.class
org/schemaspy/cli/CommandLineArguments.class
org/schemaspy/view/DotConnectorFinder.class
org/schemaspy/view/HtmlColumnsPage$ByChildrenComparator.class
org/schemaspy/util/PasswordReader.class
org/schemaspy/model/RailsForeignKeyConstraint.class
org/schemaspy/db/config/PropertiesFinder.class
org/schemaspy/model/ForeignKey.class
org/schemaspy/output/xml/dom/XmlProducerUsingDOM.class
org/schemaspy/SchemaAnalyzer.class
org/schemaspy/view/MustacheCheckConstraint.class
org/schemaspy/model/ForeignKeyConstraint.class
