/home/travis/build/schemaspy/schemaspy/src/main/java/org/schemaspy/util/CaseInsensitiveMap.java
/home/travis/build/schemaspy/schemaspy/src/main/java/org/schemaspy/util/Inflection.java
/home/travis/build/schemaspy/schemaspy/src/main/java/org/schemaspy/model/xml/ForeignKeyMeta.java
/home/travis/build/schemaspy/schemaspy/src/main/java/org/schemaspy/SchemaAnalyzer.java
/home/travis/build/schemaspy/schemaspy/src/main/java/org/schemaspy/model/RoutineParameter.java
/home/travis/build/schemaspy/schemaspy/src/main/java/org/schemaspy/view/MustacheTableColumnRelatives.java
/home/travis/build/schemaspy/schemaspy/src/main/java/org/schemaspy/view/MustacheCatalog.java
/home/travis/build/schemaspy/schemaspy/src/main/java/org/schemaspy/model/DatabaseObject.java
/home/travis/build/schemaspy/schemaspy/src/main/java/org/schemaspy/util/LineWriter.java
/home/travis/build/schemaspy/schemaspy/src/main/java/org/schemaspy/util/ConnectionURLBuilder.java
/home/travis/build/schemaspy/schemaspy/src/main/java/org/schemaspy/util/ResourceNotFoundException.java
/home/travis/build/schemaspy/schemaspy/src/main/java/org/schemaspy/view/MustacheTableColumn.java
/home/travis/build/schemaspy/schemaspy/src/main/java/org/schemaspy/output/xml/XmlProducerException.java
/home/travis/build/schemaspy/schemaspy/src/main/java/org/schemaspy/output/OutputProducer.java
/home/travis/build/schemaspy/schemaspy/src/main/java/org/schemaspy/view/MustacheTable.java
/home/travis/build/schemaspy/schemaspy/src/main/java/org/schemaspy/util/ResourceWriter.java
/home/travis/build/schemaspy/schemaspy/src/main/java/org/schemaspy/model/TableColumn.java
/home/travis/build/schemaspy/schemaspy/src/main/java/org/schemaspy/util/ConsolePasswordReader.java
/home/travis/build/schemaspy/schemaspy/src/main/java/org/schemaspy/cli/ConfigFileArgument.java
/home/travis/build/schemaspy/schemaspy/src/main/java/org/schemaspy/model/TableComment.java
/home/travis/build/schemaspy/schemaspy/src/main/java/org/schemaspy/output/OutputException.java
/home/travis/build/schemaspy/schemaspy/src/main/java/org/schemaspy/view/HtmlRoutinesPage.java
/home/travis/build/schemaspy/schemaspy/src/main/java/org/schemaspy/WiringConfiguration.java
/home/travis/build/schemaspy/schemaspy/src/main/java/org/schemaspy/model/LogicalTable.java
/home/travis/build/schemaspy/schemaspy/src/main/java/org/schemaspy/view/HtmlTablePage.java
/home/travis/build/schemaspy/schemaspy/src/main/java/org/schemaspy/view/MustacheSchema.java
/home/travis/build/schemaspy/schemaspy/src/main/java/org/schemaspy/util/Markdown.java
/home/travis/build/schemaspy/schemaspy/src/main/java/org/schemaspy/cli/CommandLineArguments.java
/home/travis/build/schemaspy/schemaspy/src/main/java/org/schemaspy/db/exceptions/RuntimeIOException.java
/home/travis/build/schemaspy/schemaspy/src/main/java/org/schemaspy/view/HtmlTableDiagrammer.java
/home/travis/build/schemaspy/schemaspy/src/main/java/org/schemaspy/util/ResourceFinder.java
/home/travis/build/schemaspy/schemaspy/src/main/java/org/schemaspy/db/config/PropertiesResolver.java
/home/travis/build/schemaspy/schemaspy/src/main/java/org/schemaspy/view/DotConnectorFinder.java
/home/travis/build/schemaspy/schemaspy/src/main/java/org/schemaspy/model/Table.java
/home/travis/build/schemaspy/schemaspy/src/main/java/org/schemaspy/util/DbSpecificOption.java
/home/travis/build/schemaspy/schemaspy/src/main/java/org/schemaspy/service/ViewService.java
/home/travis/build/schemaspy/schemaspy/src/main/java/org/schemaspy/validator/NameValidator.java
/home/travis/build/schemaspy/schemaspy/src/main/java/org/schemaspy/service/SqlService.java
/home/travis/build/schemaspy/schemaspy/src/main/java/org/schemaspy/view/HtmlMainIndexPage.java
/home/travis/build/schemaspy/schemaspy/src/main/java/org/schemaspy/model/View.java
/home/travis/build/schemaspy/schemaspy/src/main/java/org/schemaspy/view/HtmlDiagramFormatter.java
/home/travis/build/schemaspy/schemaspy/src/main/java/org/schemaspy/service/ColumnInitializationFailure.java
/home/travis/build/schemaspy/schemaspy/src/main/java/org/schemaspy/cli/ConfigFileArgumentParser.java
/home/travis/build/schemaspy/schemaspy/src/main/java/org/schemaspy/model/Routine.java
/home/travis/build/schemaspy/schemaspy/src/main/java/org/schemaspy/model/EmptySchemaException.java
/home/travis/build/schemaspy/schemaspy/src/main/java/org/schemaspy/view/HtmlConstraintsPage.java
/home/travis/build/schemaspy/schemaspy/src/main/java/org/schemaspy/model/xml/SchemaMeta.java
/home/travis/build/schemaspy/schemaspy/src/main/java/org/schemaspy/view/HtmlComponentPage.java
/home/travis/build/schemaspy/schemaspy/src/main/java/org/schemaspy/db/config/ResolutionInfo.java
/home/travis/build/schemaspy/schemaspy/src/main/java/org/schemaspy/view/DotConnector.java
/home/travis/build/schemaspy/schemaspy/src/main/java/org/schemaspy/model/LogicalRemoteTable.java
/home/travis/build/schemaspy/schemaspy/src/main/java/org/schemaspy/model/InvalidConfigurationException.java
/home/travis/build/schemaspy/schemaspy/src/main/java/org/schemaspy/model/ForeignKey.java
/home/travis/build/schemaspy/schemaspy/src/main/java/org/schemaspy/service/TableService.java
/home/travis/build/schemaspy/schemaspy/src/main/java/org/schemaspy/DbAnalyzer.java
/home/travis/build/schemaspy/schemaspy/src/main/java/org/schemaspy/service/DatabaseService.java
/home/travis/build/schemaspy/schemaspy/src/main/java/org/schemaspy/output/xml/dom/XmlProducerUsingDOM.java
/home/travis/build/schemaspy/schemaspy/src/main/java/org/schemaspy/model/ProgressListener.java
/home/travis/build/schemaspy/schemaspy/src/main/java/org/schemaspy/util/GraphvizVersion.java
/home/travis/build/schemaspy/schemaspy/src/main/java/org/schemaspy/view/MustacheWriter.java
/home/travis/build/schemaspy/schemaspy/src/main/java/org/schemaspy/db/config/ResourceFinder.java
/home/travis/build/schemaspy/schemaspy/src/main/java/org/schemaspy/Main.java
/home/travis/build/schemaspy/schemaspy/src/main/java/org/schemaspy/model/ImpliedForeignKeyConstraint.java
/home/travis/build/schemaspy/schemaspy/src/main/java/org/schemaspy/view/HtmlColumnsPage.java
/home/travis/build/schemaspy/schemaspy/src/main/java/org/schemaspy/model/xml/TableColumnMeta.java
/home/travis/build/schemaspy/schemaspy/src/main/java/org/schemaspy/model/RemoteTable.java
/home/travis/build/schemaspy/schemaspy/src/main/java/org/schemaspy/view/HtmlMultipleSchemasIndexPage.java
/home/travis/build/schemaspy/schemaspy/src/main/java/org/schemaspy/view/HtmlRoutinePage.java
/home/travis/build/schemaspy/schemaspy/src/main/java/org/schemaspy/db/config/PropertiesFinder.java
/home/travis/build/schemaspy/schemaspy/src/main/java/org/schemaspy/view/MustacheTableIndex.java
/home/travis/build/schemaspy/schemaspy/src/main/java/org/schemaspy/SchemaSpyConfiguration.java
/home/travis/build/schemaspy/schemaspy/src/main/java/org/schemaspy/model/ForeignKeyConstraint.java
/home/travis/build/schemaspy/schemaspy/src/main/java/org/schemaspy/view/HtmlRelationshipsPage.java
/home/travis/build/schemaspy/schemaspy/src/main/java/org/schemaspy/cli/PropertyFileDefaultProviderFactory.java
/home/travis/build/schemaspy/schemaspy/src/main/java/org/schemaspy/cli/CommandLineArgumentParser.java
/home/travis/build/schemaspy/schemaspy/src/main/java/org/schemaspy/model/ConsoleProgressListener.java
/home/travis/build/schemaspy/schemaspy/src/main/java/org/schemaspy/util/Dot.java
/home/travis/build/schemaspy/schemaspy/src/main/java/org/schemaspy/view/WriteStats.java
/home/travis/build/schemaspy/schemaspy/src/main/java/org/schemaspy/model/xml/TableMeta.java
/home/travis/build/schemaspy/schemaspy/src/main/java/org/schemaspy/output/xml/dom/XmlTableFormatter.java
/home/travis/build/schemaspy/schemaspy/src/main/java/org/schemaspy/model/RailsForeignKeyConstraint.java
/home/travis/build/schemaspy/schemaspy/src/main/java/org/schemaspy/view/StyleSheet.java
/home/travis/build/schemaspy/schemaspy/src/main/java/org/schemaspy/output/xml/dom/DOMUtil.java
/home/travis/build/schemaspy/schemaspy/src/main/java/org/schemaspy/view/TextFormatter.java
/home/travis/build/schemaspy/schemaspy/src/main/java/org/schemaspy/view/HtmlFormatter.java
/home/travis/build/schemaspy/schemaspy/src/main/java/org/schemaspy/Revision.java
/home/travis/build/schemaspy/schemaspy/src/main/java/org/schemaspy/model/TableIndex.java
/home/travis/build/schemaspy/schemaspy/src/main/java/org/schemaspy/service/InconsistencyException.java
/home/travis/build/schemaspy/schemaspy/src/main/java/org/schemaspy/view/HtmlAnomaliesPage.java
/home/travis/build/schemaspy/schemaspy/src/main/java/org/schemaspy/Config.java
/home/travis/build/schemaspy/schemaspy/src/main/java/org/schemaspy/model/Catalog.java
/home/travis/build/schemaspy/schemaspy/src/main/java/org/schemaspy/TableOrderer.java
/home/travis/build/schemaspy/schemaspy/src/main/java/org/schemaspy/logging/LogLevelConditionalThrowableProxyConverter.java
/home/travis/build/schemaspy/schemaspy/src/main/java/org/schemaspy/service/helper/BasicTableMeta.java
/home/travis/build/schemaspy/schemaspy/src/main/java/org/schemaspy/view/DotFormatter.java
/home/travis/build/schemaspy/schemaspy/src/main/java/org/schemaspy/cli/SchemaSpyRunner.java
/home/travis/build/schemaspy/schemaspy/src/main/java/org/schemaspy/util/DbSpecificConfig.java
/home/travis/build/schemaspy/schemaspy/src/main/java/org/schemaspy/model/ConnectionFailure.java
/home/travis/build/schemaspy/schemaspy/src/main/java/org/schemaspy/view/SqlAnalyzer.java
/home/travis/build/schemaspy/schemaspy/src/main/java/org/schemaspy/view/DotNode.java
/home/travis/build/schemaspy/schemaspy/src/main/java/org/schemaspy/output/xml/XmlProducer.java
/home/travis/build/schemaspy/schemaspy/src/main/java/org/schemaspy/model/Schema.java
/home/travis/build/schemaspy/schemaspy/src/main/java/org/schemaspy/view/MustacheCheckConstraint.java
/home/travis/build/schemaspy/schemaspy/src/main/java/org/schemaspy/view/HtmlOrphansPage.java
/home/travis/build/schemaspy/schemaspy/src/main/java/org/schemaspy/util/DiagramUtil.java
/home/travis/build/schemaspy/schemaspy/src/main/java/org/schemaspy/db/config/ResourceNotFoundException.java
/home/travis/build/schemaspy/schemaspy/src/main/java/org/schemaspy/view/MustacheTableDiagram.java
/home/travis/build/schemaspy/schemaspy/src/main/java/org/schemaspy/DbDriverLoader.java
/home/travis/build/schemaspy/schemaspy/src/main/java/org/schemaspy/model/ProcessExecutionException.java
/home/travis/build/schemaspy/schemaspy/src/main/java/org/schemaspy/model/Database.java
/home/travis/build/schemaspy/schemaspy/src/main/java/org/schemaspy/util/PasswordReader.java
/home/travis/build/schemaspy/schemaspy/src/main/java/org/schemaspy/cli/PropertyFileDefaultProvider.java
