org/schemaspy/model/TableFullNameTest.class
org/schemaspy/testing/SuiteOrTestJdbcContainerRule.class
org/schemaspy/cli/PropertyFileDefaultProviderTest.class
org/schemaspy/model/TableIndexTest.class
org/testcontainers/containers/InformixContainer.class
org/schemaspy/cli/ConfigFileArgumentParserTest.class
org/dummy/DummyDriverUnsatisfiedConnect.class
org/schemaspy/util/GraphvizVersionTest.class
org/schemaspy/integrationtesting/OracleSpacesIT.class
org/schemaspy/integrationtesting/mysql/MysqlRoutinesIT.class
org/schemaspy/testing/Logger.class
org/schemaspy/ConfigIT.class
org/schemaspy/integrationtesting/H2KeywordIT.class
org/schemaspy/validator/NameValidatorTest.class
org/schemaspy/testcontainer/OracleIT.class
org/schemaspy/integrationtesting/mysql/MysqlKeyWordTableIT.class
org/schemaspy/model/InvalidConfigurationExceptionTest.class
org/schemaspy/validator/NameValidatorIT.class
org/schemaspy/util/ResourceFinderTest.class
org/schemaspy/view/MustacheWriterTest.class
org/schemaspy/db/config/PropertiesResolverTest.class
org/schemaspy/view/DotNodeTest.class
org/schemaspy/ConfigTest.class
org/schemaspy/integrationtesting/mysql/MysqlSpacesIT.class
org/schemaspy/model/SchemaTest.class
org/schemaspy/model/RoutineTest.class
org/schemaspy/db/config/PropertiesFinderTest.class
org/schemaspy/integrationtesting/mysql/MysqlSpacesNoDotsIT.class
org/schemaspy/integrationtesting/MysqlSuite.class
org/schemaspy/testing/AssumeClassIsPresentRule.class
org/schemaspy/cli/SchemaSpyRunnerTest.class
org/schemaspy/testing/XmlOutputDiff.class
org/schemaspy/integrationtesting/SchemaMetaIT.class
org/schemaspy/util/InflectionTest.class
org/schemaspy/integrationtesting/H2SpacesIT.class
org/schemaspy/DbAnalyzerTest.class
org/schemaspy/testcontainer/MSSQLServerIT.class
org/schemaspy/MainTest.class
org/schemaspy/util/ConnectionURLBuilderTest.class
org/schemaspy/integrationtesting/mysql/MysqlXMLIT.class
org/schemaspy/testing/LoggingRule$1.class
org/schemaspy/TableOrdererTest.class
org/schemaspy/DbDriverLoaderTest.class
org/schemaspy/testing/IgnoreUsingXPath.class
org/schemaspy/integrationtesting/mysql/MysqlHTMLIT.class
org/schemaspy/cli/CommandLineArgumentParserTest.class
org/schemaspy/util/RailsNamingTest.class
org/schemaspy/RevisionTest.class
org/schemaspy/model/CatalogTest.class
org/schemaspy/testcontainer/MysqlSchemaLeakageIT.class
org/schemaspy/testing/ResettingOutputCapture.class
org/dummy/DummyDriver.class
org/schemaspy/integrationtesting/StackTraceLoggingIT.class
org/schemaspy/util/DotTest.class
org/schemaspy/testcontainer/InformixIndexIT.class
org/schemaspy/testing/SQLScriptsRunner.class
org/schemaspy/model/xml/SchemaMetaTest.class
org/schemaspy/util/DbSpecificOptionTest.class
org/schemaspy/util/CaseInsensitiveMapTest.class
org/schemaspy/testcontainer/InformixIndexXMLIT.class
org/schemaspy/model/TableColumnMetaTest.class
org/dummy/DummyDriverUnsatisfiedCtor.class
org/schemaspy/integrationtesting/H2ViewIT.class
org/schemaspy/testing/ExitCodeRule$ExitPreventionSecurityManager.class
org/schemaspy/testing/HtmlOutputValidator.class
org/schemaspy/testing/H2MemoryRule.class
org/schemaspy/integrationtesting/mssqlserver/MSSQLServerCheckConstraintIT.class
org/schemaspy/integrationtesting/mssqlserver/MSSQLServerHTMLIT.class
org/schemaspy/model/InvalidConfigurationExceptionTest$SimpleClass.class
org/schemaspy/testing/ExitCodeRule.class
org/schemaspy/util/ResultSetDumper.class
org/schemaspy/service/DatabaseServiceIT.class
org/schemaspy/service/TableServiceTest.class
org/schemaspy/output/xml/dom/XmlTableFormatterTest.class
org/schemaspy/testing/LoggingRule.class
