/home/travis/build/schemaspy/schemaspy/src/test/java/org/schemaspy/testing/ExitCodeRule.java
/home/travis/build/schemaspy/schemaspy/src/test/java/org/schemaspy/testcontainer/OracleIT.java
/home/travis/build/schemaspy/schemaspy/src/test/java/org/schemaspy/TableOrdererTest.java
/home/travis/build/schemaspy/schemaspy/src/test/java/org/schemaspy/integrationtesting/SchemaMetaIT.java
/home/travis/build/schemaspy/schemaspy/src/test/java/org/schemaspy/model/xml/SchemaMetaTest.java
/home/travis/build/schemaspy/schemaspy/src/test/java/org/schemaspy/util/ResourceFinderTest.java
/home/travis/build/schemaspy/schemaspy/src/test/java/org/schemaspy/testing/LoggingRule.java
/home/travis/build/schemaspy/schemaspy/src/test/java/org/schemaspy/RevisionTest.java
/home/travis/build/schemaspy/schemaspy/src/test/java/org/schemaspy/model/TableFullNameTest.java
/home/travis/build/schemaspy/schemaspy/src/test/java/org/schemaspy/testing/HtmlOutputValidator.java
/home/travis/build/schemaspy/schemaspy/src/test/java/org/schemaspy/service/DatabaseServiceIT.java
/home/travis/build/schemaspy/schemaspy/src/test/java/org/schemaspy/integrationtesting/MysqlSuite.java
/home/travis/build/schemaspy/schemaspy/src/test/java/org/schemaspy/service/TableServiceTest.java
/home/travis/build/schemaspy/schemaspy/src/test/java/org/schemaspy/testcontainer/MysqlSchemaLeakageIT.java
/home/travis/build/schemaspy/schemaspy/src/test/java/org/schemaspy/util/DbSpecificOptionTest.java
/home/travis/build/schemaspy/schemaspy/src/test/java/org/schemaspy/model/SchemaTest.java
/home/travis/build/schemaspy/schemaspy/src/test/java/org/schemaspy/integrationtesting/mysql/MysqlXMLIT.java
/home/travis/build/schemaspy/schemaspy/src/test/java/org/schemaspy/util/RailsNamingTest.java
/home/travis/build/schemaspy/schemaspy/src/test/java/org/schemaspy/util/ResultSetDumper.java
/home/travis/build/schemaspy/schemaspy/src/test/java/org/schemaspy/validator/NameValidatorTest.java
/home/travis/build/schemaspy/schemaspy/src/test/java/org/schemaspy/integrationtesting/mysql/MysqlSpacesIT.java
/home/travis/build/schemaspy/schemaspy/src/test/java/org/schemaspy/testing/IgnoreUsingXPath.java
/home/travis/build/schemaspy/schemaspy/src/test/java/org/dummy/DummyDriverUnsatisfiedConnect.java
/home/travis/build/schemaspy/schemaspy/src/test/java/org/schemaspy/MainTest.java
/home/travis/build/schemaspy/schemaspy/src/test/java/org/schemaspy/integrationtesting/mysql/MysqlKeyWordTableIT.java
/home/travis/build/schemaspy/schemaspy/src/test/java/org/schemaspy/model/TableColumnMetaTest.java
/home/travis/build/schemaspy/schemaspy/src/test/java/org/schemaspy/integrationtesting/OracleSpacesIT.java
/home/travis/build/schemaspy/schemaspy/src/test/java/org/schemaspy/model/RoutineTest.java
/home/travis/build/schemaspy/schemaspy/src/test/java/org/schemaspy/model/TableIndexTest.java
/home/travis/build/schemaspy/schemaspy/src/test/java/org/schemaspy/model/InvalidConfigurationExceptionTest.java
/home/travis/build/schemaspy/schemaspy/src/test/java/org/schemaspy/util/DotTest.java
/home/travis/build/schemaspy/schemaspy/src/test/java/org/schemaspy/ConfigIT.java
/home/travis/build/schemaspy/schemaspy/src/test/java/org/schemaspy/db/config/PropertiesFinderTest.java
/home/travis/build/schemaspy/schemaspy/src/test/java/org/schemaspy/integrationtesting/mssqlserver/MSSQLServerHTMLIT.java
/home/travis/build/schemaspy/schemaspy/src/test/java/org/schemaspy/DbDriverLoaderTest.java
/home/travis/build/schemaspy/schemaspy/src/test/java/org/schemaspy/cli/SchemaSpyRunnerTest.java
/home/travis/build/schemaspy/schemaspy/src/test/java/org/dummy/DummyDriver.java
/home/travis/build/schemaspy/schemaspy/src/test/java/org/schemaspy/integrationtesting/mysql/MysqlRoutinesIT.java
/home/travis/build/schemaspy/schemaspy/src/test/java/org/schemaspy/testing/ResettingOutputCapture.java
/home/travis/build/schemaspy/schemaspy/src/test/java/org/testcontainers/containers/InformixContainer.java
/home/travis/build/schemaspy/schemaspy/src/test/java/org/schemaspy/db/config/PropertiesResolverTest.java
/home/travis/build/schemaspy/schemaspy/src/test/java/org/schemaspy/ConfigTest.java
/home/travis/build/schemaspy/schemaspy/src/test/java/org/schemaspy/integrationtesting/H2SpacesIT.java
/home/travis/build/schemaspy/schemaspy/src/test/java/org/schemaspy/integrationtesting/mysql/MysqlSpacesNoDotsIT.java
/home/travis/build/schemaspy/schemaspy/src/test/java/org/schemaspy/integrationtesting/StackTraceLoggingIT.java
/home/travis/build/schemaspy/schemaspy/src/test/java/org/schemaspy/integrationtesting/mssqlserver/MSSQLServerCheckConstraintIT.java
/home/travis/build/schemaspy/schemaspy/src/test/java/org/schemaspy/util/CaseInsensitiveMapTest.java
/home/travis/build/schemaspy/schemaspy/src/test/java/org/dummy/DummyDriverUnsatisfiedCtor.java
/home/travis/build/schemaspy/schemaspy/src/test/java/org/schemaspy/testing/SQLScriptsRunner.java
/home/travis/build/schemaspy/schemaspy/src/test/java/org/schemaspy/util/GraphvizVersionTest.java
/home/travis/build/schemaspy/schemaspy/src/test/java/org/schemaspy/integrationtesting/H2ViewIT.java
/home/travis/build/schemaspy/schemaspy/src/test/java/org/schemaspy/DbAnalyzerTest.java
/home/travis/build/schemaspy/schemaspy/src/test/java/org/schemaspy/integrationtesting/mysql/MysqlHTMLIT.java
/home/travis/build/schemaspy/schemaspy/src/test/java/org/schemaspy/testcontainer/InformixIndexXMLIT.java
/home/travis/build/schemaspy/schemaspy/src/test/java/org/schemaspy/testing/AssumeClassIsPresentRule.java
/home/travis/build/schemaspy/schemaspy/src/test/java/org/schemaspy/integrationtesting/H2KeywordIT.java
/home/travis/build/schemaspy/schemaspy/src/test/java/org/schemaspy/util/ConnectionURLBuilderTest.java
/home/travis/build/schemaspy/schemaspy/src/test/java/org/schemaspy/view/DotNodeTest.java
/home/travis/build/schemaspy/schemaspy/src/test/java/org/schemaspy/testing/H2MemoryRule.java
/home/travis/build/schemaspy/schemaspy/src/test/java/org/schemaspy/view/MustacheWriterTest.java
/home/travis/build/schemaspy/schemaspy/src/test/java/org/schemaspy/output/xml/dom/XmlTableFormatterTest.java
/home/travis/build/schemaspy/schemaspy/src/test/java/org/schemaspy/cli/PropertyFileDefaultProviderTest.java
/home/travis/build/schemaspy/schemaspy/src/test/java/org/schemaspy/cli/CommandLineArgumentParserTest.java
/home/travis/build/schemaspy/schemaspy/src/test/java/org/schemaspy/testcontainer/InformixIndexIT.java
/home/travis/build/schemaspy/schemaspy/src/test/java/org/schemaspy/testing/XmlOutputDiff.java
/home/travis/build/schemaspy/schemaspy/src/test/java/org/schemaspy/testcontainer/MSSQLServerIT.java
/home/travis/build/schemaspy/schemaspy/src/test/java/org/schemaspy/validator/NameValidatorIT.java
/home/travis/build/schemaspy/schemaspy/src/test/java/org/schemaspy/cli/ConfigFileArgumentParserTest.java
/home/travis/build/schemaspy/schemaspy/src/test/java/org/schemaspy/model/CatalogTest.java
/home/travis/build/schemaspy/schemaspy/src/test/java/org/schemaspy/util/InflectionTest.java
/home/travis/build/schemaspy/schemaspy/src/test/java/org/schemaspy/testing/SuiteOrTestJdbcContainerRule.java
/home/travis/build/schemaspy/schemaspy/src/test/java/org/schemaspy/testing/Logger.java
